exports[`Vote Component should render as expected 1`] = `
<div
  className="vote">
  <Segment>
    <Form
      as="form">
      <Header
        as="h1" />
      <Button
        as="button"
        className="vote__btn"
        color="olive"
        disabled={true}
        onClick={[Function]}>
        Vote
      </Button>
    </Form>
  </Segment>
</div>
`;
