exports[`test Chart Component should render as expected 1`] = `
<Chart
  deletePoll={[Function]}
  editPoll={[Function]}
  fetchPolls={[Function]}
  fetchSinglePoll={[Function]}
  filterDeletedPoll={[Function]}
  isLoadingPolls={false}
  savePoll={[Function]}
  store={
    Object {
      "clearActions": [Function],
      "dispatch": [Function],
      "getActions": [Function],
      "getState": [Function],
      "replaceReducer": [Function],
      "subscribe": [Function],
    }
  }
  storeSubscription={
    Subscription {
      "listeners": Object {
        "notify": [Function],
      },
      "onStateChange": [Function],
      "parentSub": undefined,
      "store": Object {
        "clearActions": [Function],
        "dispatch": [Function],
        "getActions": [Function],
        "getState": [Function],
        "replaceReducer": [Function],
        "subscribe": [Function],
      },
      "unsubscribe": null,
    }
  }
  votingPoll={Object {}} />
`;
